start=2026-07-25T15:43:53.983523+00:00
source=C:\Users\HP\Desktop\Research\UWM Yiqiao Zhong\CoT for Counting\Realistic_CoT_NiaH_Count\reports\niah_eight_model_report_20260724_model_bias\tables\request_level_report.csv
source_sha256=329694728ee69f330f447c48892f194060808e7033a2f49129dff747ac71f150
selected binary direct/exact_correct: power_separable/logistic
selected binary direct/parse_success: inverse_separable/logistic
selected binary direct/truncated: log_burden/logistic
selected binary direct/exact_given_parsed: power_separable/logistic
selected binary direct/within_one: power_separable/logistic
selected binary direct/undercount: log_burden/logistic
selected binary direct/overcount: inverse_separable/logistic
selected continuous direct/log1p_absolute_error: root_separable
selected continuous direct/log1p_relative_error: log_burden
selected continuous direct/signed_relative_error: intercept_only
selected continuous direct/asinh_signed_error: exponential_separable
selected continuous direct/signed_log_count_ratio: log_density
selected continuous direct/log1p_output_tokens: piecewise_power
selected binary enumeration/exact_correct: log_burden/logistic
selected binary enumeration/parse_success: intercept_only/logistic
selected binary enumeration/truncated: intercept_only/logistic
selected binary enumeration/exact_given_parsed: log_burden/logistic
selected binary enumeration/within_one: inverse_separable/survival_loglog
selected binary enumeration/undercount: log_burden/logistic
selected binary enumeration/overcount: log_burden/logistic
selected binary enumeration/all_pairs_found: power_separable/logistic
selected binary enumeration/no_hallucinations: intercept_only/logistic
selected binary enumeration/no_duplicates: intercept_only/logistic
selected binary enumeration/list_length_exact: power_interaction/logistic
selected binary enumeration/listed_total_consistent: piecewise_power/logistic
selected binary enumeration/numeric_list_consistent: piecewise_power/logistic
selected binary enumeration/pair_retrieval: log_density/logistic
selected continuous enumeration/log1p_absolute_error: piecewise_power
selected continuous enumeration/log1p_relative_error: piecewise_power
selected continuous enumeration/signed_relative_error: intercept_only
selected continuous enumeration/asinh_signed_error: piecewise_power
selected continuous enumeration/signed_log_count_ratio: piecewise_power
selected continuous enumeration/log1p_output_tokens: root_separable
selected continuous enumeration/missing_fraction: exponential_separable
selected continuous enumeration/log1p_hallucination_rate: intercept_only
selected continuous enumeration/log1p_duplicate_rate: intercept_only
selected continuous enumeration/listed_record_ratio: intercept_only
selected continuous enumeration/pair_recall_continuous: exponential_separable
selected binary native_thinking/exact_correct: root_separable/logistic
selected binary native_thinking/parse_success: log_burden/survival_loglog
selected binary native_thinking/truncated: log_burden/logistic
selected binary native_thinking/exact_given_parsed: log_burden/survival_loglog
selected binary native_thinking/within_one: log_density/logistic
selected binary native_thinking/undercount: inverse_separable/logistic
selected binary native_thinking/overcount: intercept_only/logistic
selected continuous native_thinking/log1p_absolute_error: logL_rawN
selected continuous native_thinking/log1p_relative_error: intercept_only
selected continuous native_thinking/signed_relative_error: intercept_only
selected continuous native_thinking/asinh_signed_error: exponential_separable
selected continuous native_thinking/signed_log_count_ratio: log_density
selected continuous native_thinking/log1p_output_tokens: logL_rawN
